Tue May 12 17:55:39 2026       
+-----------------------------------------------------------------------------------------+
| NVIDIA-SMI 560.35.05              Driver Version: 560.35.05      CUDA Version: 12.6     |
|-----------------------------------------+------------------------+----------------------+
| GPU  Name                 Persistence-M | Bus-Id          Disp.A | Volatile Uncorr. ECC |
| Fan  Temp   Perf          Pwr:Usage/Cap |           Memory-Usage | GPU-Util  Compute M. |
|                                         |                        |               MIG M. |
|=========================================+========================+======================|
|   0  NVIDIA H200                    Off |   00000000:C6:00.0 Off |                    0 |
| N/A   31C    P0             74W /  700W |       1MiB / 143771MiB |      0%      Default |
|                                         |                        |             Disabled |
+-----------------------------------------+------------------------+----------------------+
                                                                                         
+-----------------------------------------------------------------------------------------+
| Processes:                                                                              |
|  GPU   GI   CI        PID   Type   Process name                              GPU Memory |
|        ID   ID                                                               Usage      |
|=========================================================================================|
|  No running processes found                                                             |
+-----------------------------------------------------------------------------------------+
Primordial chemistry collapse grid with ROS2S
grid: 64^3 (262144 cells)
perturbations: enabled
completed global collapse steps: 462
cell completed steps: [411, 435, 462]
cell physical time: [2.89470283954072750e+15, 3.05270286914083700e+15, 3.27649194694799150e+15]
cell density driver: [2.0000002083685871e-06, 2.0992723995688897e-06, 2.6295799526944009e-06]
wall time: 101.12762463200001 s
ROS2S internal steps: [7605, 8182, 9330]
ROS2S rhs calls: [22815, 24546, 27990]
ROS2S jacobian calls: [5635, 5970, 6753]
ROS2S decompositions: [7605, 8182, 9330]
ROS2S linear solves: [22815, 24546, 27990]
ROS2S accepted/rejected: [5635/5, 5970/132, 6753/434]

final-state comparison file: final_states_grid64_cpu.bin
final-state comparison: PASS (max deuterium-bearing species rel error 9.30318302580802888e+07, max non-deuterium-bearing species rel error 1.09020887194879990e-03, max thermodynamic rel error 1.77224010691792391e-04, max rho rel error 2.79520872593919112e-16)
final states: final_states_grid64_cuda.bin (262144 packed records, 172 bytes each)
